// Jest Snapshot v1, https://goo.gl/fbAQLP

exports[`Menu Component should match snapshot 1`] = `
<DocumentFragment>
  <aside
    class="menu"
  >
    <div
      class="buttons"
    >
      <button
        class="button"
        type="button"
      >
        Resolve All
      </button>
      <button
        class="button"
        type="button"
      >
        Unresolve All
      </button>
      <button
        class="button"
        type="button"
      >
        Remove All
      </button>
    </div>
    <div
      class="container"
    >
      <input
        class="input"
        placeholder="Add Todo"
        type="text"
        value="Test"
      />
      <button
        class="button"
        type="button"
      >
        Add Todo
      </button>
    </div>
  </aside>
</DocumentFragment>
`;
