// Jest Snapshot v1, https://goo.gl/fbAQLP

exports[`Modal Component should match snapshot when closed 1`] = `<DocumentFragment />`;
