// Jest Snapshot v1, https://goo.gl/fbAQLP

exports[`AddTodo Component should match snapshot 1`] = `
<DocumentFragment>
  <div
    class="container"
  >
    <input
      class="input"
      placeholder="Add Todo"
      type="text"
      value="Test"
    />
    <button
      class="button"
      type="button"
    >
      Add Todo
    </button>
  </div>
</DocumentFragment>
`;
