// Jest Snapshot v1, https://goo.gl/fbAQLP

exports[`Loading Component should match snapshot 1`] = `
<DocumentFragment>
  <div
    aria-label="Loading..."
    class="container"
  >
    <div
      class="circle"
    />
  </div>
</DocumentFragment>
`;
