// Jest Snapshot v1, https://goo.gl/fbAQLP

exports[`Todo Component should render correctly and match snapshot 1`] = `
<DocumentFragment>
  <div
    class="container"
  >
    <div
      class="text"
    >
      Test Todo
    </div>
    <div
      class="checkbox"
    >
      <div
        class="checkBoxWrapper"
      >
        <label
          class="label"
          for="Resolve"
        >
          <input
            class="input"
            id="Resolve"
            type="checkbox"
          />
          <span>
            Resolve
          </span>
        </label>
      </div>
    </div>
    <div
      class="buttons"
    >
      <button
        class="button"
        type="button"
      >
        Add Color
      </button>
      <button
        class="button"
        type="button"
      >
        Delete
      </button>
    </div>
  </div>
</DocumentFragment>
`;
